// Jest Snapshot v1, https://goo.gl/fbAQLP

exports[`Snapshot Tests 1`] = `
Object {
  "Resources": Object {
    "IamGroupD291CF67": Object {
      "Properties": Object {
        "GroupName": "iam-group-billing",
        "ManagedPolicyArns": Array [
          Object {
            "Fn::Join": Array [
              "",
              Array [
                "arn:",
                Object {
                  "Ref": "AWS::Partition",
                },
                ":iam::aws:policy/job-function/Billing",
              ],
            ],
          },
          Object {
            "Fn::Join": Array [
              "",
              Array [
                "arn:",
                Object {
                  "Ref": "AWS::Partition",
                },
                ":iam::aws:policy/ReadOnlyAccess",
              ],
            ],
          },
        ],
      },
      "Type": "AWS::IAM::Group",
    },
    "IamUser83DA77ED": Object {
      "Properties": Object {
        "Groups": Array [
          Object {
            "Ref": "IamGroupD291CF67",
          },
        ],
        "UserName": "iam-user-billing",
      },
      "Type": "AWS::IAM::User",
    },
  },
}
`;
